test run: di 29 sep 2026 13:45:23 CEST

=== tracked_build_output: PASS ===
no build output is tracked

=== same_suites_as_make_test: PASS ===
make test and check.sh run the same 91 suites

=== build ===
make: 'tests/correctness/poly_correctness' is up to date.
make: 'tests/correctness/spline_design_correctness' is up to date.
make: 'tests/correctness/spline_basis_correctness' is up to date.
make: 'tests/correctness/spline_objects_correctness' is up to date.
make: 'tests/correctness/test_mat' is up to date.
make: 'tests/correctness/test_tensor' is up to date.
make: 'tests/correctness/test_tensor_serial' is up to date.
make: 'tests/correctness/cumsum_correctness' is up to date.
make: 'tests/correctness/rolling_mean_correctness' is up to date.
make: 'tests/correctness/hp_filter_correctness' is up to date.
make: 'tests/correctness/hp_filter_recovery' is up to date.
make: 'tests/correctness/test_mat_special' is up to date.
make: 'tests/correctness/test_decomp' is up to date.
make: 'tests/correctness/test_solver' is up to date.
make: 'tests/correctness/lstsq_rank_deficiency' is up to date.
make: 'tests/correctness/chol_singularity' is up to date.
make: 'tests/correctness/singularity_rule_comparison' is up to date.
make: 'tests/correctness/ols_pseudo_inverse_fallback' is up to date.
make: 'tests/correctness/hac_covariance_correctness' is up to date.
make: 'tests/correctness/ols_covariance_correctness' is up to date.
make: 'tests/correctness/ols_covariance_recovery' is up to date.
make: 'tests/correctness/lag_matrix_layout' is up to date.
make: 'tests/correctness/rank_rule_consistency' is up to date.
make: 'tests/correctness/test_special' is up to date.
make: 'tests/correctness/test_stats' is up to date.
make: 'tests/correctness/test_random' is up to date.
make: 'tests/correctness/test_lhs' is up to date.
make: 'tests/correctness/test_mcs' is up to date.
make: 'tests/correctness/test_mcs_variance' is up to date.
make: 'tests/correctness/mcs_primitives' is up to date.
make: 'tests/correctness/mcs_size_and_power' is up to date.
make: 'tests/correctness/test_broadcast' is up to date.
make: 'tests/correctness/test_gauss' is up to date.
make: 'tests/correctness/test_student' is up to date.
make: 'tests/correctness/test_mvgauss' is up to date.
make: 'tests/correctness/test_mvstudent' is up to date.
make: 'tests/correctness/test_matgauss' is up to date.
make: 'tests/correctness/test_matgauss_recovery' is up to date.
make: 'tests/correctness/mv_density_dispatch' is up to date.
make: 'tests/correctness/test_ad' is up to date.
make: 'tests/correctness/ad_tensor_gradients' is up to date.
make: 'tests/correctness/test_tape_reset' is up to date.
make: 'tests/correctness/test_adam' is up to date.
make: 'tests/correctness/test_optimizer' is up to date.
make: 'tests/correctness/test_cluster' is up to date.
make: 'tests/correctness/test_mlp' is up to date.
make: 'tests/correctness/test_frame' is up to date.
make: 'tests/correctness/test_csv' is up to date.
make: 'tests/correctness/csv_missing_values' is up to date.
make: 'tests/correctness/test_txt' is up to date.
make: 'tests/correctness/test_npy' is up to date.
make: 'tests/correctness/test_npz' is up to date.
make: 'tests/correctness/test_json' is up to date.
make: 'tests/correctness/test_sql' is up to date.
make: 'tests/correctness/test_join' is up to date.
make: 'tests/correctness/gzip_inflate' is up to date.
make: 'tests/correctness/gzip_deflate' is up to date.
make: 'tests/correctness/rdata_array_read' is up to date.
make: 'tests/correctness/adf_correctness' is up to date.
make: 'tests/correctness/kpss_correctness' is up to date.
make: 'tests/correctness/dfgls_correctness' is up to date.
make: 'tests/correctness/otto_correctness' is up to date.
make: 'tests/correctness/hlt_union_correctness' is up to date.
make: 'tests/correctness/hlt_break_correctness' is up to date.
make: 'tests/correctness/hhlt_correctness' is up to date.
make: 'tests/correctness/zivot_andrews_correctness' is up to date.
make: 'tests/correctness/johansen_correctness' is up to date.
make: 'tests/correctness/engle_granger_correctness' is up to date.
make: 'tests/correctness/maki_correctness' is up to date.
make: 'tests/correctness/qlr_test_correctness' is up to date.
make: 'tests/correctness/lbfgs_correctness' is up to date.
make: 'tests/correctness/score_driven_location_correctness' is up to date.
make: 'tests/correctness/qvarma_correctness' is up to date.
make: 'tests/correctness/qvarma_analytic_agreement' is up to date.
make: 'tests/correctness/qvarma_gaussian_limit' is up to date.
make: 'tests/correctness/qvarma_identification' is up to date.
make: 'tests/correctness/qvarma_fixed_parameter_fit' is up to date.
make: 'tests/correctness/var_correctness' is up to date.
make: 'tests/correctness/var_recovery' is up to date.
make: 'tests/correctness/lp_correctness' is up to date.
make: 'tests/correctness/lp_recovery' is up to date.
make: 'tests/integration/basis_to_regression' is up to date.
make: 'tests/integration/frame_to_model' is up to date.
make: 'tests/integration/frame_to_tensor' is up to date.
make: 'tests/integration/tensor_to_optimizer' is up to date.
make: 'tests/integration/join_missing_values' is up to date.
make: 'tests/integration/distributed_simulation' is up to date.
make: 'tests/integration/optimizer_swap' is up to date.
make: 'tests/integration/pipeline_ownership' is up to date.
make: 'tests/integration/npz_to_statistics' is up to date.
make: 'tests/integration/header_composition' is up to date.
make: 'tests/integration/header_composition_f32' is up to date.
make: Nothing to be done for 'examples'.

=== poly_correctness: PASS ===
basis/poly.h correctness, float32 build

contr.poly(4) against the contrasts worked out by hand
the basis is orthonormal on the sample
against modified Gram-Schmidt on the Vandermonde
the prediction recurrence reproduces the fitted basis
the orthogonal basis and the raw powers fit the same values
a strided view of a sample gives the same basis as a copy of it
smallest, tied, badly offset and barely spread samples
polym: column count, products, and prediction

PASSED, 0 failures

=== spline_design_correctness: PASS ===
basis/spline.h design matrix correctness, float32 build

repeated boundary knots pick out one basis function (PR#16549)
a seven-knot design against its exact fractions
a linear basis on doubled boundary knots is symmetric
a zero-width basis function at a repeated end knot
the basis is non-negative and sums to one between the knots
against a Cox-de Boor recursion written out in this file
derivatives against central differences of the values
strided views, unsorted knots, and a single evaluation point
300 random knot vectors, all orders 1 to 4

PASSED, 0 failures

=== spline_basis_correctness: PASS ===
basis/spline.h regression basis correctness, float32 build

three boundary-knot choices give the same fitted function
a one-point sample
quantile knots landing on a boundary knot keep the basis full rank
bs with an intercept sums to one inside the boundary knots
ns is linear beyond its boundary knots
predicting at the fitted sample returns the fitted basis
column counts against the df that was asked for
a strided view of a sample gives the same bases as a copy of it
200 random knot placements

PASSED, 0 failures

=== spline_objects_correctness: PASS ===
basis/spline.h spline object correctness, float32 build

the spline passes through every data point
the second derivative vanishes at both ends
the polynomial pieces join with matching value, slope and curvature
the B-spline form and the polynomial form are the same spline
a plain B-spline returns NaN outside its knots
the inverse spline undoes the spline
  largest departure from the identity between the knots: 0.00551
the periodic spline interpolates, repeats and is smooth at the wrap
four points, unsorted input, and wildly unequal spacing
200 random interpolation problems

PASSED, 0 failures

=== test_mat: PASS ===
construction
views
arithmetic contiguous
arithmetic strided
mat_mul
mat_gemm
reductions
mat_max/mat_min propagate NaN correctly even under -ffast-math
mat_all_finite: NaN, both infinities, the finite boundary, and the strided path, under -ffast-math
mat_fingerprint: pinned value, strided view, shape and single-entry sensitivity
concatenation
linear algebra
  1.0000   2.0000 
  3.0000   4.0000 
test_mat: all passed

=== test_tensor: PASS ===
construction
mat bridge
views
element-wise
reductions
stacking
matmul
tensordot
einsum
fuzz
fuzz matmul
test_tensor: all passed

=== test_tensor_serial: PASS ===
construction
mat bridge
views
element-wise
reductions
stacking
matmul
tensordot
einsum
fuzz
fuzz matmul
test_tensor: all passed

=== cumsum_correctness: PASS ===
numpy TestCumsum.test_basic: a vector and a 3 x 4 matrix, both axes
polars test_cum_agg: [1, 2, 3, 2] -> [1, 3, 6, 8], as a Vec and as a DataFrame column
polars test_cum_agg_with_nulls, adapted: NaN marks a missing number and propagates
a leading -0.0 stays -0.0; infinities and NaN propagate; +inf then -inf is NaN
tensors of rank 1 to 4, every axis and its negative, a permuted and a sliced view, against an in-order reference
a strided Mat view against its copy, both axes
both kernel paths either side of each end of the threaded band and of the column chunk, one thread against every thread
a DataFrame keeps its string columns, order, names and row names; no numeric column still copies
cumsum_correctness: all passed

=== rolling_mean_correctness: PASS ===
polars: test_rolling_ints, test_rolling_infinity, test_rolling_sum_stability_11146
polars test_rolling_sum_non_finite_23115, window 4 (direct), past MAT_ROLLING_DIRECT_MAX (slid), and a block
tensors of rank 1 to 4 on every axis, negative axes, views, windows 1, n and beyond n
the slide past MAT_ROLLING_DIRECT_MAX, at 100 and at 1000, across its restart points
sizes either side of the threaded band, both regimes, one thread against every thread
a DataFrame keeps its string columns, names and row names
rolling_mean_correctness: all passed

=== hp_filter_correctness: PASS ===
statsmodels test_hpfilter: US real GDP, lambda 1600, against Stata
  (float64 only; skipped in this build)
lambda 0, straight lines, the cycle orthogonal to 1 and t, short series, and a long double reference
linearity, constants, time reversal, optimality, monotone in lambda, and the least squares line as lambda grows
a matrix along each axis against one series at a time, a strided view, tensors, a NaN kept to its series
a DataFrame's cycle and trend keep its string columns, names and row names
hp_filter_correctness: all passed

=== hp_filter_recovery: PASS ===
hp_filter_recovery: all passed, 400 draws, report in out/hp_filter_recovery_report.txt

=== test_mat_special: PASS ===
--- overflow ---
exp(200): +inf
exp(-200): 0
pow(FLT_MAX,2): +inf
1e20 * 1e20 (1x1 matmul): +inf
--- underflow ---
exp(-200): 0
pow(FLT_MIN/2, 1): 5.877e-39
1e-40 (stored): 1e-40
1e-40 * 1e-40: 0
--- NaN production ---
log(-1): NaN
sqrt(-1): NaN
0 / 0 (ediv): NaN
pow(-1, 0.5): NaN
inf - inf (sub): NaN
--- infinity production ---
log(0): -inf
1 / 0 (ediv): +inf
exp(200): +inf
--- NaN propagation ---
NaN propagation: ok
--- inf propagation ---
inf propagation: ok

=== test_decomp: PASS ===
cholesky
lu
qr
eig_sym
svd
det
inv
cond/rank
eig
test_decomp: all passed

=== test_solver: PASS ===
band solve
band solve, many right-hand sides
vec_solve
vec_solve_sym
vec_lu_solve / vec_chol_solve
mat_lstsq
mat_lstsq_rd
test_solver: all passed

=== lstsq_rank_deficiency: PASS ===
mat_lstsq: reporting a rank-deficient design, float32 build

known rank-deficient designs
rescaled columns
either side of the tolerance
random designs against Gram-Schmidt in long double, 2000 draws
  1882 compared, 1069 of them rank deficient
a strided view
columns near the ends of the floating-point range
NaN and infinite entries
finite entries, overflowing column norm
NULL status on a rank-deficient design

PASSED, 0 failures

=== chol_singularity: PASS ===
mat_chol: reporting a matrix that is not positive-definite, float32 build

known rejected matrices
well-conditioned matrices factor
rescaled variables
either side of the tolerance
random matrices against a Cholesky in long double, 2000 draws
  1923 compared, 1483 of them rejected
a NaN or an infinity on or below the diagonal
a strided view, and the upper triangle
a numerically zero pivot before the one _potrf stops at
NULL status on an indefinite matrix

PASSED, 0 failures

=== singularity_rule_comparison: PASS ===
the tolerance rule against the exact-zero rule, float32 build

exactly singular designs
  exact-zero rule missed 1499 of 1500 exactly singular designs
  smallest largest |x| it let through: 18.8
independence shrinking like 2^-k, true coefficients known
  worst error * sine / MEPS: 2.09
trying to break either rule
  c2 = c1 - c0 with c1 nearly collinear with c0              exact 0, tolerance 0
  the same columns ordered w, K v, K v + w                   exact 0, tolerance 3
  independent, columns 1 and 3 at 1e+30                      exact 0, tolerance 0
  c2 = c0 - c1, all at 1e+30                                 exact 0, tolerance 3
  independent, columns 1 and 3 at 1e-30                      exact 0, tolerance 0
  c2 = c0 - c1, all at 1e-30                                 exact 0, tolerance 3
  independent, columns 1 and 3 at 1e+18                      exact 0, tolerance 0
  c2 = c0 - c1, all at 1e+18                                 exact 0, tolerance 3
  independent, columns 1 and 3 at 1e-18                      exact 0, tolerance 0
  c2 = c0 - c1, all at 1e-18                                 exact 0, tolerance 3
  second column subnormal                                    exact 2, tolerance 2
  one infinite entry in column 2                             exact 0, tolerance 2
  one NaN entry in column 2                                  exact 2, tolerance 2
  c3 = c0 + 2 c1 - c2, 200000 rows                           exact 0, tolerance 4
  40 x 40, last column c0 - c1 + c2                          exact 0, tolerance 40
Cholesky on exactly singular Gram matrices
  exact-zero rule missed 202 of 500 exactly singular Gram matrices
  Cholesky scaled by 2^100: singular exact 0 tolerance 4, regular exact 0 tolerance 0
  Cholesky scaled by 2^-100: singular exact 4 tolerance 4, regular exact 0 tolerance 0
  Cholesky scaled by 2^50: singular exact 4 tolerance 4, regular exact 0 tolerance 0
  Cholesky scaled by 2^-50: singular exact 0 tolerance 4, regular exact 0 tolerance 0

full tables in out/singularity_rule_comparison_float32_report.txt

PASSED, 0 failures

=== ols_pseudo_inverse_fallback: PASS ===
ols: QR at full rank, the pseudo-inverse below it, float32 build

full column rank
known minimum-norm solutions
random exactly rank-deficient designs, 1000 draws
  640 of them took the pseudo-inverse
either side of the tolerance
strided x and y
responses fitted exactly
  3600 exact fits, 0 not reported
ols_all_residuals_are_zero against ols_residuals_are_zero column by column
NaN and infinite entries

PASSED, 0 failures

=== hac_covariance_correctness: PASS ===
stats_hac_cov: the HAC long-run covariance matrix, float32 build

known values: lag 0 is the covariance, one column is stats_hac_var, a two-column series by hand
invariants: symmetric, Bartlett positive semi-definite, shift, scale and permutation
a strided view, one observation, a constant column, lag n - 1, extreme magnitudes
200 random samples against the long double reference
  0 of 200 samples off

PASSED, 0 failures

=== ols_covariance_correctness: PASS ===
ols_covariance and ols_coefficient_variances, float32 build

known values: a four-point simple regression by hand
150 designs against the long double reference, and the selected variances against the diagonal
  largest gap 0.0513 of 64 cond(x^T x) u
lag 0 against White's formula; scaled columns and responses
strided views, one degree of freedom, lag m - 1, extreme columns, an exact fit

PASSED, 0 failures

=== ols_covariance_recovery: PASS ===
classical and HAC coefficient variances against the Monte Carlo variance, float64 build

  A: classical 1.057, HAC 1.036; B: classical 0.340, HAC 0.805; C: classical 0.534, White 1.049

PASSED, 0 failures

=== lag_matrix_layout: PASS ===
lag_matrix: layout for K, p in 1..4, the longest lag, and a strided view
lag_matrix_layout: all passed

=== rank_rule_consistency: PASS ===
the package's rank decisions against one another, float32 build

random designs, 2000 draws
  implication compared on 1851 draws, 1364 of them flagged by mat_lstsq
  same-rule comparison on 1322 draws
  141 draws accepted by mat_lstsq with a lower singular-value rank
singular values either side of the tolerance
the converse fails for a column in much smaller units

PASSED, 0 failures

=== test_special: PASS ===
known values
normal CDF known values
normal CDF invariants: symmetry, monotonicity, pdf by finite difference
incomplete gamma against closed forms
incomplete gamma invariants
incomplete gamma far upper tail, relative accuracy
recurrence psi(x+1) = psi(x) + 1/x
vs central finite differences of lgamma
large-x asymptotics
  log1p vs libm over 200000 random magnitudes: worst 2.0 ulp at x = 2.3374e-07
  log(1 + 1e-20) is 0, special_log1p(1e-20) is 1e-20
  edges: -1, finite x below -1, the Sterbenz region and x up to 1e300
  lgamma_diff vs the exact integer-shift identity: worst relative 2.55e-15
  at x = 5e14 the subtraction gives 34.0000000000, log(x) is 33.8456292144
  two half-steps against the exact whole step: worst relative 4.44e-16
  lgamma_diff vs the subtraction it replaces: worst relative 2.63e-13, which is the subtraction's own cancellation
  lgamma_diff composition split against whole: worst relative 1.22e-15
  digamma_diff is the x-derivative of lgamma_diff to 1e-05
test_special: all passed

=== test_stats: PASS ===
known values (hand-computed)
invariants
views (stride != c)
adversarial (scale, near-constant, minimal sizes)
randomized vs independent reference (fixed seed)
autocov: gemm path (d >= STATS_AUTOCOV_GEMM_MIN_D)
autocov: gemm path centers the sample exactly once (not once per gemm operand)
autocov_f32: known values (hand-computed)
autocov_f32: views (stride != c)
autocov_f32: randomized vs independent double reference (looser float32 tolerance)
prediction-quality metrics: known values (hand-computed)
prediction-quality metrics: views (stride != c)
prediction-quality metrics: invariants
prediction-quality metrics: adversarial (minimal sizes, ties, badly scaled)
prediction-quality metrics: randomized vs independent reference (fixed seed)
HAC long-run variance: known values
HAC long-run variance: rectangular window known values
HAC long-run variance: invariants
HAC long-run variance: strided views vs contiguous twins
HAC long-run variance: adversarial inputs
HAC long-run variance: randomized vs independent reference (fixed seed)
series length and element access, both orientations
quantile against hand-computed interpolations
quantile on views and degenerate samples
stats_all_finite: NaN, both infinities, and the finite boundary values
quantile against a full-sort reference, fixed seed
Ljung-Box against the definition and on known series
  white noise rejected at 5 per cent on 2 of 40 draws
test_stats: all passed

=== test_random: PASS ===
reproducibility + stream independence
bounded integers: range, degenerate bound, reproducibility, uniformity
  9 bounds x 5000 draws, 2^63/2^64-1 bounds, 7-bucket uniformity, lags 1..5 ok
permutation: bijection, all n! orderings equally likely, reproducibility
  n=500 bijection, n=1, 24-ordering uniformity, identity rate, streams ok
uniform: range + moments
normal: first four moments
gamma: mean/variance across shapes (incl. shape < 1 boost)
independence: serial autocorrelation + cross-stream/seed correlation
test_random: all passed

=== test_lhs: PASS ===
random/lhs.h correctness, float32 build

stratification: one point per stratum per column
float store: naive (stratum + jitter)/n leaves its stratum, lhs_random does not
  n=  1000: naive crossings 17 / 2000000 (8.50e-06 per point)
  n=100000: naive crossings 2006 / 2000000 (1.00e-03 per point)
extreme jitter: the largest and smallest a uniform draw can be
no duplicate rows
reproducibility, stream and seed divergence, column prefix
marginal and within-stratum uniformity
  pooled uniformity p = 0.999, jitter uniformity p = 0.0113, corr(stratum, jitter) = +0.003908
permutation uniformity over all 4! orderings
  48000 designs, ordering uniformity p = 0.184
column independence at n = 2
  40000 designs, pairing uniformity p = 0.37
lhs_scale: affine map onto per-dimension bounds

PASSED, 0 failures

=== test_mcs: PASS ===
mcs_loss: known values, column naming, string columns ignored
mcs_block_indices: range, block structure, degenerate lengths, reproducibility
t-statistics: hand-computed two-model case
dm_test: the paper's rectangular window at truncation h-1, vs Bartlett
dm_test: the paper's rule for a negative spectral density estimate
t-statistics: randomized vs independent reference, both statistics (fixed seed)
  120 randomized (n up to ~70, m up to 6, lag up to 11) runs ok
dm_test: identical series, antisymmetry, statistic sign
dm_test: randomized vs independent reference, both windows (fixed seed)
  200 randomized (n up to ~128, lag up to 14) runs ok
dm_test: rejects a real gap, does not reject a shared one
  3/40 rejections under the null, 10/10 under a 2-sigma-per-observation gap
mcs: result structure invariants over randomized inputs
  30 randomized runs, both statistics, structure ok
mcs: result names are deep copies, valid after the DataFrame is freed
mcs: a clearly worse model is dropped first, a clearly better one survives
mcs: Definition 4 p-values, Theorem 4's membership rule
mcs: the three variance estimates, on shared draws
mcs: same (seed, stream) reproduces, different stream is an independent run
mcs: adversarial options and degenerate inputs
mcs: the round each model left in, the rounds' own evidence, written two ways
  both statistics: known elimination rounds, both writers, both termination cases
mcs_in_set: agrees with the surviving array it summarizes
mcs_fwrite_report: contents, alignment, both termination cases
mcs_effective_hac_lag: derived once, and the run agrees with it
mcs_pvalue_frame: same numbers as the report, as data
dm_fwrite_report: one branch per status
test_mcs: all passed

=== test_mcs_variance: PASS ===
mcs: size of the equivalence test under the three variance estimates
  400 replications per panel, both panels written to out/mcs_variance_size.txt
test_mcs_variance: all passed

=== mcs_primitives: PASS ===
inference/mcs.h structural primitives, float32 build

mcs_n_series: one series per model, or one per unordered pair
mcs_gather: the numeric block row-major, string columns stepped over
mcs_build_diffs: the differentials and the order they are stored in
mcs_center: the mean returned and the centered series written out
mcs_floor_var: the smallest variance a t-statistic will divide by
mcs_hac_var_mean and mcs_tstat: the hand-computed Bartlett case
mcs_reduce: max |t| over the pairs, max t over the models
mcs_worst_from_tstats: which model the elimination rule drops
mcs_scratch_new: the keep_draws = 0 shape a HAC-only caller asks for
an elimination loop over the primitives reproduces mcs(), bit for bit
  11 panels, both statistics, all three variances, exact agreement
the general path: round one against mcs(), the whole run against itself
  both statistics under the bootstrap variance, 5 and 9 models
mcs_write_report: the same text mcs_fwrite_report puts on an open stream

PASSED, 0 failures

=== mcs_size_and_power: PASS ===
mcs: coverage and power over 300 replications per panel, both statistics
  written to out/mcs_size_and_power.txt

PASSED, 0 failures

=== test_broadcast: PASS ===
dim resolution
broadcast reads
test_broadcast: all passed

=== test_gauss: PASS ===
pdf/logpdf
dlogpdf_loc/dlogpdf_scale
degenerate scale (undocumented, unguarded - pinning current behavior)
broadcast shape resolution
sampling: moments + broadcast + independence (fixed seed)
test_gauss: all passed

=== test_student: PASS ===
known values
degenerate nu/scale (undocumented, unguarded - pinning current behavior)
vs independent reference (broadcast + fast path)
derivatives vs finite differences
nu = infinity is the Gaussian, exactly
a large finite nu converges on the Gaussian
  worst gap to the Gaussian at nu = 1e14: 1.19e-07
sampling: moments + independence + Gaussian-limit delegation (fixed seed)
test_student: all passed

=== test_mvgauss: PASS ===
d=1 consistency with dist/gauss.h
known values
diagonal cov = sum of univariate logpdfs
correlated cov vs independent reference
derivatives vs finite differences
per-observation loc
views
non-SPD / singular / mismatched covariance aborts (fork + expect SIGABRT)
sampling: empirical mean/covariance + row independence (fixed seed)
test_mvgauss: all passed

=== test_mvstudent: PASS ===
d=1 consistency with dist/student.h
known values
correlated cov vs independent reference
derivatives vs finite differences
nu = infinity is the Gaussian, exactly
a large finite nu: the normalization against its closed form
  d = 2 constant and d = 4 closed form hold to nu = 1e15
a large finite nu: the density against the Gaussian it tends to
  worst gap to the Gaussian at nu = 1e14: 2.38e-07
per-observation loc + views
non-SPD / singular / mismatched covariance aborts (fork + expect SIGABRT)
degenerate nu (undocumented, unguarded - pinning current behavior)
sampling: moments + row independence + zero-score at truth (fixed seed)
test_mvstudent: all passed

=== test_matgauss: PASS ===
known values
vec(x) ~ N(vec(loc), colcov kron rowcov) vs dist/mv/gauss.h
single column / single row collapse to dist/mv/gauss.h
diagonal covariances = sum of univariate logpdfs
correlated covariances vs independent reference
analytic derivatives vs finite differences of the reference
rowcov/colcov scale redundancy
views
badly scaled covariances
pdf underflow floor
   pdf first returns zero at 10x10 (n*p = 100); logpdf exact to 32x32
bad shapes and non-positive-definite covariances abort
standard draw == stacked standard normal vectors
sampling: empirical vec covariance vs the Kronecker product (fixed seed)
mean score at the true parameters is zero
test_matgauss: all passed

=== test_matgauss_recovery: PASS ===
matgauss: covariance recovery from simulated samples
  homogeneous diagonal   converged in <= 8 sweeps, score 4.9e-07
  diagonal               converged in <= 8 sweeps, score 2.4e-06
  sparse                 converged in <= 8 sweeps, score 8.4e-07
  dense                  converged in <= 8 sweeps, score 2.4e-06
  30 replications per case per sample size, written to out/matgauss_recovery_report.txt
test_matgauss_recovery: all passed

=== mv_density_dispatch: PASS ===
dist/mv densities on both sides of the triangular-solve dispatch, float32 build

mvgauss_logpdf, mvstudent_logpdf, mvstudent_dlogpdf_nu
  d = 12, n =   64: worst relative errors 1.2e-07, 9.3e-08, 1.4e-07
  d = 12, n = 4096: worst relative errors 1.7e-07, 1.4e-07, 2.5e-07
  d = 12, n = 4097: worst relative errors 1.7e-07, 1.5e-07, 2.6e-07
  d = 13, n =   64: worst relative errors 1.2e-07, 8.7e-08, 2.9e-07
  d = 13, n = 4096: worst relative errors 1.5e-07, 1.4e-07, 2.6e-07
  d = 13, n = 4097: worst relative errors 1.6e-07, 1.4e-07, 2.7e-07
  d = 32, n =  100: worst relative errors 9.5e-08, 9.3e-08, 6.1e-07
matgauss_logpdf and its three gradients
  n = 12, p = 6: worst relative errors 7.1e-08, 4.1e-07, 1.1e-06, 7.2e-07
  n = 13, p = 6: worst relative errors 2.3e-08, 2.9e-07, 5.3e-07, 5.8e-07
  n = 24, p = 6: worst relative errors 2.3e-08, 4.1e-07, 9.2e-07, 1.6e-06

PASSED, 0 failures

=== test_ad: PASS ===
dense ops (add/sub/scale/emul/ediv/pow, fan-out)
ad_exp / ad_tanh (elementwise activations)
ad_swish (x * sigmoid(x))
ad_dot
matmul
matmul, non-square operands (finite-difference)
ad_broadcast_mul (finite-difference, chain rule through s)
ad_squared_error / ad_identity
ad_huber_error / ad_logcosh_error
ad-computed gradient vs analytical gauss_dlogpdf_loc/scale
ad_lgamma (forward + digamma backward)
ad_log1p (forward + 1/(1+a) backward)
ad_lgamma_diff (forward + digamma-difference backward)
ad-computed gradient vs analytical student_dlogpdf_loc/scale/nu
ad-computed gradient vs analytical mvgauss/mvstudent scores
ad_slice / ad_reshape (known output, fan-out, finite-difference)
ad_solve (finite-difference)
ad_chol_solve (finite-difference)
ad_triangular_solve (finite-difference, both transposes)
ad_chol_quadform (against ad_dot+ad_chol_solve, and finite differences)
ad_det (finite-difference)
ad_inv (finite-difference)
ad_solve/ad_det/ad_inv on a singular A abort (fork + expect SIGABRT)
ad_chol_solve given a non-Cholesky L (zero diagonal): silent NaN/Inf, not a crash (documents the 'trusts the factor' contract)
ad_pow(a,0.5) at a=0: finite forward value, +Inf gradient (real nondifferentiable point, not a domain violation)
ad_pow(a,0.5) at a<0: NaN forward value, NaN gradient (outside pow()'s real domain, silent NaN not a crash)
test_ad: all passed

=== ad_tensor_gradients: PASS ===
node views are complete tensors
known-output gradients
finite-difference gradients
  add, same shape
  add, broadcast operand
  multiply, broadcast operand
  batched matmul
  matmul, broadcast batch
  fan-out
  einsum tij,tjk->tik
  einsum ti,ij,tj->t
  einsum ij,jk->k, label dropped
  einsum tii,ti->t, diagonal operand
  einsum tii->t, trace per period
  einsum ij,jk, implicit output
  matmul, vector on the right
  matmul, vector on the left
  matmul, inner product
  reshape then permute
  sum over one axis
  bridge to the matrix half and back
tape reuse
ad_tensor_gradients: all passed

=== test_tape_reset: PASS ===
tape_reset: repeated f(x)=sum(x^2) matches independent tape_new/tape_free runs
tape_reset: multi-block mvstudent workload, repeated, no leak/corruption under ASan
test_tape_reset: all passed

=== test_adam: PASS ===
adam_step: exact per-step arithmetic (not just convergence)
adam_hyperparams_default: matches the paper's recommended defaults
quadratic bowl: known minimum
ill-conditioned bowl: different curvature per dimension
adversarial: single-element parameter
view: strided parameter/gradient
integration: Adam MLE fit of Gaussian loc/scale
test_adam: all passed

=== test_optimizer: PASS ===
Optimizer interface: a hand-rolled SGD, independent of solver/adam.h, plugs in and updates correctly
adam_optimizer_init matches calling adam_init/adam_step directly
test_optimizer: all passed

=== test_cluster: PASS ===
cluster: 127.0.0.1:9531 did not confirm the deploy (no valid reply)
cluster: deploy to 127.0.0.1:9531 failed, trying it as an already-running worker
cluster: 127.0.0.1:9532 did not confirm the deploy (no valid reply)
cluster: deploy to 127.0.0.1:9532 failed, trying it as an already-running worker
cluster: could not connect to 127.0.0.1:1 to deploy
cluster: deploy to 127.0.0.1:1 failed, trying it as an already-running worker
cluster: no answer from 127.0.0.1:1, continuing without it
cluster: 127.0.0.1:9533 did not confirm the deploy (no valid reply)
cluster: deploy to 127.0.0.1:9533 failed, trying it as an already-running worker
cluster: 127.0.0.1:9533 dropped before the job started
cluster: could not connect to 127.0.0.1:9533 to deploy
cluster: 127.0.0.1:9534 did not confirm the deploy (no valid reply)
cluster: deploy to 127.0.0.1:9534 failed, trying it as an already-running worker
cluster: 127.0.0.1:9535 did not confirm the deploy (no valid reply)
cluster: deploy to 127.0.0.1:9535 failed, trying it as an already-running worker
cluster: 127.0.0.1:9537 did not confirm the deploy (no valid reply)
cluster: deploy to 127.0.0.1:9537 failed, trying it as an already-running worker
cluster: 127.0.0.1:9538 did not confirm the deploy (no valid reply)
cluster: deploy to 127.0.0.1:9538 failed, trying it as an already-running worker
cluster: 127.0.0.1:9537 did not confirm the deploy (no valid reply)
cluster: deploy to 127.0.0.1:9537 failed, trying it as an already-running worker
cluster: 127.0.0.1:9538 did not confirm the deploy (no valid reply)
cluster: deploy to 127.0.0.1:9538 failed, trying it as an already-running worker
cluster: 127.0.0.1:9537 did not confirm the deploy (no valid reply)
cluster: deploy to 127.0.0.1:9537 failed, trying it as an already-running worker
cluster: 127.0.0.1:9538 did not confirm the deploy (no valid reply)
cluster: deploy to 127.0.0.1:9538 failed, trying it as an already-running worker
cluster: 127.0.0.1:9537 did not confirm the deploy (no valid reply)
cluster: deploy to 127.0.0.1:9537 failed, trying it as an already-running worker
cluster: 127.0.0.1:9538 did not confirm the deploy (no valid reply)
cluster: deploy to 127.0.0.1:9538 failed, trying it as an already-running worker
cluster: 127.0.0.1:9537 did not confirm the deploy (no valid reply)
cluster: deploy to 127.0.0.1:9537 failed, trying it as an already-running worker
cluster: 127.0.0.1:9538 did not confirm the deploy (no valid reply)
cluster: deploy to 127.0.0.1:9538 failed, trying it as an already-running worker
cluster: 127.0.0.1:9537 did not confirm the deploy (no valid reply)
cluster: deploy to 127.0.0.1:9537 failed, trying it as an already-running worker
cluster: 127.0.0.1:9538 did not confirm the deploy (no valid reply)
cluster: deploy to 127.0.0.1:9538 failed, trying it as an already-running worker
cluster: 127.0.0.1:9537 did not confirm the deploy (no valid reply)
cluster: deploy to 127.0.0.1:9537 failed, trying it as an already-running worker
cluster: 127.0.0.1:9538 did not confirm the deploy (no valid reply)
cluster: deploy to 127.0.0.1:9538 failed, trying it as an already-running worker
cluster: 127.0.0.1:9537 did not confirm the deploy (no valid reply)
cluster: deploy to 127.0.0.1:9537 failed, trying it as an already-running worker
cluster: 127.0.0.1:9538 did not confirm the deploy (no valid reply)
cluster: deploy to 127.0.0.1:9538 failed, trying it as an already-running worker
cluster: 127.0.0.1:9537 did not confirm the deploy (no valid reply)
cluster: deploy to 127.0.0.1:9537 failed, trying it as an already-running worker
cluster: 127.0.0.1:9538 did not confirm the deploy (no valid reply)
cluster: deploy to 127.0.0.1:9538 failed, trying it as an already-running worker
cluster: 127.0.0.1:9537 did not confirm the deploy (no valid reply)
cluster: deploy to 127.0.0.1:9537 failed, trying it as an already-running worker
cluster: 127.0.0.1:9538 did not confirm the deploy (no valid reply)
cluster: deploy to 127.0.0.1:9538 failed, trying it as an already-running worker
cluster: 127.0.0.1:9537 did not confirm the deploy (no valid reply)
cluster: deploy to 127.0.0.1:9537 failed, trying it as an already-running worker
cluster: 127.0.0.1:9538 did not confirm the deploy (no valid reply)
cluster: deploy to 127.0.0.1:9538 failed, trying it as an already-running worker
cluster: 127.0.0.1:9537 did not confirm the deploy (no valid reply)
cluster: deploy to 127.0.0.1:9537 failed, trying it as an already-running worker
cluster: 127.0.0.1:9538 did not confirm the deploy (no valid reply)
cluster: deploy to 127.0.0.1:9538 failed, trying it as an already-running worker
queue: every index handed out exactly once, no gaps, no repeats
queue: a range reclaimed from a lost machine is handed out again, and only that range
framing: a multi-megabyte message arrives whole and unchanged
framing: a stream that is not this protocol is refused rather than parsed
handshake: a mismatched build is refused, a matching one accepted
daemon: listening sockets are close-on-exec, so a deployed worker cannot hold the port
map: results are correct, complete, and some of them are computed off this process
map: with no machine answering, the job still finishes on this one
map: a machine killed mid-job costs its range, not the job's completeness
map: a sliced (strided) input, a single task, and a range larger than the job
map: a range knows the global index of its own first column
discovery: a worker that was never given an address is found and used
  discovery found 1 machine(s)
fuzz: 12 randomized (task count, range width) pairs against a direct reference
test_cluster: all passed

=== test_mlp: PASS ===
forward pass: known 2-2-1 network vs independent reference
gradient (finite-difference) vs independent reference forward pass
adversarial: no hidden layers, and single-neuron layers
out_act: identity forecasts an unsquashed value tanh would clamp into (-1,1)
integration: mlp_fit + mlp_forecast train and predict XOR
integration: MLPFitOptions.on_epoch_end monitors and early-stops mlp_fit
persistence: mlp_save + mlp_load round-trip matches original forecast exactly
test_mlp: all passed

=== test_frame: PASS ===
numeric columns: added one at a time, integrity checked after each
string columns: deep-copied, independent of caller's buffer
mixed numeric/string columns preserve declaration order
row names: optional, replaceable
df_from_matrix: builds a DataFrame directly from an existing Mat, with and without column names
adversarial: zero columns, single row, df_print smoke test
           v          tag 
     42.0000         only 
looking up a nonexistent column aborts (fork + expect SIGABRT)
duplicate column name: silently shadowed, first one wins on lookup (pinning current behavior)
frame_mkdir_p: recursive directory creation
test_frame: all passed

=== test_csv: PASS ===
basic CSV: header, numeric/string column inference
CSV quoting: embedded delimiter and escaped quotes
no header: generated col0/col1/... names
a column with an NA marker becomes a string column, not numeric-with-NaN
blank lines are skipped, not turned into a one-empty-field row
custom delimiter: semicolon-separated
adversarial: single row, single column, no trailing newline
ragged row / empty file abort (fork + expect SIGABRT)
unterminated quote at EOF: silently tolerated, not rejected (pinning current behavior)
write/read round-trip: mixed numeric+string columns, values needing quoting
write with write_header=0: no header row, columns get generated names on reread
test_csv: all passed

=== csv_missing_values: PASS ===
frame/csv.h missing-value markers, float32 build

known files, with and without markers
the writer: na_rep, a quoted na_rep, and no na_rep
200 random frames written with na_rep and read back
  0 of 200 frames off

PASSED, 0 failures

=== test_txt: PASS ===
basic TXT: whitespace-separated numeric matrix, no header by default
tabs and multiple spaces collapse to a single delimiter
blank lines are skipped, not turned into empty rows
has_header option: first row becomes column names
adversarial: single value, no trailing newline
write/read round-trip: numeric DataFrame survives a save/load cycle exactly
write with write_header=1: header round-trips through has_header=1 on reread
test_txt: all passed

=== test_npy: PASS ===
2D round-trip: known values survive write/read exactly
genuine 1D shape string '(n,)' parses correctly
genuine .npy v2.0 header format (4-byte header-length field, 12-byte preamble) parses correctly
adversarial: single-element array
malformed .npy aborts (fork + expect SIGABRT)
write/read round-trip: DataFrame -> .npy -> DataFrame preserves values exactly
n-dimensional .npy round trip
  ranks 1 to 8, and a permuted view packed on the way out
a DataFrame still refuses rank 3
  df_read_npy aborts on a rank-3 file rather than reshaping it
a 3-D file numpy itself wrote
  rank 3, shape 2x3x2, values and indexing all match
test_npy: all passed

=== test_npz: PASS ===
numeric round-trip: values, column names and order survive write/read
mixed numeric/string columns keep declaration order through the archive
row labels survive as the reserved __row_names__ member, not as a column
UTF-8 string columns round-trip through numpy's UCS-4 dtype (1-, 2-, 3- and 4-byte sequences)
real numpy archive (np.savez, stored): values, dtypes, 2D expansion and unicode all read back
real numpy archive (np.savez_compressed, deflated): values, dtypes, 2D expansion and unicode all read back
adversarial: one row, one column, and an all-empty string column
df_write_npz_compressed: smaller file, same frame back
a frame rebuilt from the archive is a valid df_sql and df_join input
malformed .npz aborts (fork + expect SIGABRT)
df_write_npz contract violations abort (empty frame, reserved column name)
test_npz: all passed

=== test_json: PASS ===
known-output: parse a hand-written JSON document
string escaping: quotes, backslash, newline round-trip through parse and write
\uXXXX escape decodes to UTF-8
construction API + round-trip: build a tree, write it, parse it back
duplicate object key: last value wins, matching JSON semantics
adversarial: empty object/array, deep nesting, negative/fractional/exponent numbers
file round-trip: json_write_file then json_parse_file
malformed JSON returns NULL, at the top level and nested
test_json: all passed

=== test_sql: PASS ===
SELECT * FROM df: returns every column and row unchanged
SELECT with computed column and AS alias
WHERE with a numeric comparison filters rows
WHERE with AND/OR/NOT and parenthesized grouping
WHERE with a string literal equality filter
GROUP BY with SUM/AVG aggregates, one row per group
GROUP BY on more than one column
COUNT(*) with no GROUP BY collapses to a single implicit group
ORDER BY ASC (default) and DESC
single-numeric-key ORDER BY at n >= SQL_RADIX_MIN_N vs. an independent reference sort (exercises sql_radix_sort_pairs specifically)
adversarial: WHERE matching no rows returns a valid zero-row DataFrame
adversarial: single-row DataFrame
adversarial: ORDER BY with all-equal keys preserves original row order (stability)
adversarial: a NaN among ORDER BY key values must not reorder the real values relative to each other
adversarial: GROUP BY a column with only one unique value yields one group
independent reference: WHERE filter matches a naive hand-written loop
independent reference: GROUP BY + SUM matches a naive hand-written accumulation
GROUP BY: two aggregates combined arithmetically (e.g. SUM(gdp)/SUM(population))
GROUP BY: an aggregate combined with a plain literal (e.g. SUM(gdp) / 100)
adversarial: a bare literal as the entire SELECT item, and as the entire WHERE condition
WHERE with a NaN value: != must keep it (IEEE754 NaN != anything is true), = must exclude it
WHERE on a multi-column DataFrame should use the AVX2 fast path, not silently fall back to the scalar path
df_sql_try: a valid query returns SQL_OK and the same result df_sql would
df_sql_try: malformed query text is SQL_ERR_SYNTAX, independent of the DataFrame
df_sql_try: syntactically valid SQL that doesn't fit the schema is SQL_ERR_DATA
test_sql: all passed

=== test_join: PASS ===
INNER join: known-output case with a duplicate key on the left
LEFT join: every left row survives, unmatched right columns are NaN
FULL join: every row from both sides, id=5 (right-only) gets name=NA
RIGHT join is df_join(right, left, on, JOIN_LEFT) - matches a direct LEFT computation
regression: String-typed join key: FULL join coalesces the key column itself, not just other columns
a non-key column name shared by both sides gets a _right suffix on the right one
regression: a NaN join key never matches, not even another NaN, and FULL still drains it
adversarial: an empty (zero-row) side on either input
adversarial: mismatched on-column types, or a missing on column, both abort
ported from Polars py-polars/tests/unit/operations/test_join.py::test_join
ported from Polars crates/polars/tests/it/core/joins.rs::test_joins_with_duplicates
ported from Polars crates/polars/tests/it/core/joins.rs::test_join_negative_integers
ported from Polars py-polars/tests/unit/operations/test_join.py::test_empty_outer_join_22206
ported from Polars py-polars/tests/unit/operations/test_join.py::test_join_coalesce_22498
ported from Polars crates/polars/tests/it/core/joins.rs::test_empty_df_join (probe-side-empty variants)
ported from Polars crates/polars/tests/it/core/joins.rs::test_join_floats (adapted to a single float join column)
independent reference: row counts match a naive O(n*m) join across INNER/LEFT/FULL
regression: join_hash_to_partition(join_mix64(...)) splits realistic keys roughly evenly across partitions
regression (real build): join_build_partitions_mt itself splits realistic keys roughly evenly across partitions
crosses JOIN_PARALLEL_MIN_N: the dispatched (parallel-eligible) path matches join_probe_serial exactly, as a set
test_join: all passed

=== gzip_inflate: PASS ===
crc32 matches the standard CRC-32/ISO-HDLC check value for "123456789"
stored (uncompressed) block round-trips exactly, with correct CRC32/size checks
two consecutive stored blocks (BFINAL only on the second) concatenate correctly
a stored block with a zero-length payload decompresses to zero bytes, not a crash
a real fixed-Huffman-coded block (BTYPE=01) decompresses correctly
gzip header optional fields (FEXTRA, FNAME, FCOMMENT, FHCRC) are skipped correctly, all four at once
gzip_is_gzip on empty/1-byte buffers returns false rather than reading out of bounds
malformed gzip input aborts (fork + expect SIGABRT)
gzip_inflate: all passed

=== gzip_deflate: PASS ===
degenerate inputs: empty, one byte, two bytes, and a single repeated byte
all three block types are reached: stored, fixed and dynamic
Huffman code lengths never exceed the cap, and stay a complete prefix code
package-merge matches a brute-force search over every legal code
  388 cases compared against brute force
every length from 0 to 600, so block and match boundaries are all crossed
matches at the window edge and at the maximum match length
every level 0-9 round-trips; effort buys ratio across the range
the same input compresses to the same bytes twice
gzip_deflate: all passed

=== rdata_array_read: PASS ===
real EstimationSeriesSample1_1.Rdata: dims, dimnames, and known element values match
real rdata_altrep_and_factor.RData: ALTREP compact sequences and factor columns resolve correctly
df_read_rdata/df_read_rdata_slice: one call from path to DataFrame, both with and without an explicit object_name
df_read_rdata/df_read_rdata_slice contract violations abort (fork + expect SIGABRT)
real rdata_edge_cases.RData: empty vectors, NA in every type, nested lists, and repeated ALTREP objects all parse correctly
real rdata_uncompressed.RData (save with compress=FALSE) loads without going through gzip at all
real rdata_empty_workspace.RData (zero saved objects) loads to an empty RData, not a crash
real rdata_zero_row_dataframe.RData (0 rows, 2 columns) converts to a valid empty DataFrame
real rdata_xz_compressed.RData (an R compression this loader does not support) aborts cleanly (fork + expect SIGABRT)
synthetic workspace: data.frame, NA string, dim matrix, and symbol back-reference all parse correctly
REFSXP long form (explicit 4-byte index, not the packed index-in-flags form) resolves correctly
API contract violations abort (fork + expect SIGABRT)
malformed .RData input aborts (fork + expect SIGABRT)
rdata_array_read: all passed

=== adf_correctness: PASS ===
augmented Dickey-Fuller, float64 build

MacKinnon critical values against an independent implementation
  ok
Schwert's lag rule
  ok
the regression against a hand-solved case
  ok
the no-intercept variant against closed-form sums
  ok
holding the sample fixed matches running on the shortened series
  ok
shift and scale invariance
  ok
the trend variant rejects where the constant one fails
  with trend -7.0615 against -3.4329, without -0.5578 against -2.8763
  ok
verdicts on white noise and on a random walk
  rejects the unit root on white noise 40/40, on a random walk 3/40
  ok

PASSED, 0 failures

=== kpss_correctness: PASS ===
KPSS, float64 build

the Newey-West bandwidth rule
  ok
against a hand-solved case
  ok
shift and scale invariance
  ok
stationarity around a trend
  trend-stationary series: level case 5.0987 against 0.463, trend case 0.1015 against 0.146
  ok
verdicts on white noise and on a random walk
  rejects stationarity on white noise 2/40, on a random walk 39/40
  ok

PASSED, 0 failures

=== dfgls_correctness: PASS ===
DF-GLS, float64 build

the quasi-differencing constant
  ok
the detrending absorbs the terms it claims to
  ok

PASSED, 0 failures

=== otto_correctness: PASS ===
Otto pooled block unit root test, float64 build

Table I lookup and interpolation
  ok
the pooled estimator against its defining sum
  ok
the finite sample correction against Lemma 2(c)
  n= 100, B= 19: v_T squared 0.64176, heading for 0.6667
  n= 400, B= 49: v_T squared 0.65804, heading for 0.6667
  n=2000, B=139: v_T squared 0.66392, heading for 0.6667
  ok
which test copes with which trend
  straight     trend: Otto shifts 1.9560, trend ADF shifts 0.0000
  oscillating  trend: Otto shifts 4.8075, trend ADF shifts 5.9470
  ok
both asymptotics produce a finite statistic and a verdict
  small-b: B=35, statistic -2.2634 against -1.6449, rejects 1
  fixed-b: B=60, statistic -1.2518 against -1.3510, rejects 0
  ok

PASSED, 0 failures

=== hlt_union_correctness: PASS ===
Harvey, Leybourne and Taylor union of rejections, float64 build

the union is the disjunction of its components
  ok
the weighted average against its formula
  ok
the trend Wald statistic separates a trend from none
  without a trend 4.9019, with one 51031.8
  ok

PASSED, 0 failures

=== hlt_break_correctness: PASS ===
Harvey, Leybourne and Taylor trend break test, float64 build

Table 1 constants and the bandwidth rule
  ok
the two component statistics swap roles with the order of integration
  I(0) shocks: t0* 1.714, t1* 0.867, weight 0.6020
  I(1) shocks: t0* 6.704, t1* 1.487, weight 0.0000
  I(0) at n= 150: S_1 0.02501, weight 0.9103
  I(0) at n= 400: S_1 0.00847, weight 0.9800
  I(0) at n=1200: S_1 0.00460, weight 0.9972
  ok
the statistic and weight against equations (13) and (10)
  ok
the pretest route through the unit root test
  with a break: weighted allows 1 at 0.507, pretest allows 1 at 0.507
  ok

PASSED, 0 failures

=== hhlt_correctness: PASS ===
Harris, Harvey, Leybourne and Taylor unit root with a possible trend break, float64 build

Table 1 lookup and interpolation
  ok
the first-difference break estimator finds a slope break
  estimated fraction 0.5033 against a true 0.5000
  ok
the Wald statistic separates a break from none
  with a break 24184.741, without 0.112
  ok
the weight collapses with a break and saturates without one
  with a break: weight 0.000000, tilde 0.500, tau_bar 0.500, allows break 1
  without:      weight 0.980590, tilde 0.170, tau_bar 0.003, allows break 0
  ok
the no-break branch is exactly DF-GLS with a trend
  ok
the weight is exp(-g W / sqrt(n)) and falls as g rises
  g=1.5: weight 0.933285, Wald 0.7973, tau_bar 0.0491
  g=3.0: weight 0.871021, Wald 0.7973, tau_bar 0.0950
  g=6.0: weight 0.758678, Wald 0.7973, tau_bar 0.1778
  ok

PASSED, 0 failures

=== zivot_andrews_correctness: PASS ===
Zivot-Andrews, float64 build

the statistic is the minimum over candidate dates
  112 candidates, chose 90
  ok
a planted break is found
  level  model: break at 120, statistic -10.730
  slope  model: break at 78, statistic -2.934
  both   model: break at 120, statistic -11.134
  ok
rejects where an ordinary ADF is fooled by the break
  Zivot-Andrews -10.730 against -4.732, ordinary ADF -1.197 against -2.876
  ok

PASSED, 0 failures

=== johansen_correctness: PASS ===
Johansen rank tests, float64 build

eigenvalues are squared canonical correlations
  ok
the trace statistic is the sum of the maximum eigenvalue statistics
  ok
invariance to a nonsingular linear transformation of the variables
  ok
a tightly co-integrated pair is detected
  trace at rank zero 102.45 against the 99 per cent value 22.59, eigenvalues 0.3279 and 0.0157
  ok
simulated critical values have the shape a table has
  1 common trends: trace 95 per cent 7.848, max 95 per cent 7.848
  2 common trends: trace 95 per cent 18.286, max 95 per cent 15.249
  3 common trends: trace 95 per cent 32.300, max 95 per cent 21.444
  ok

PASSED, 0 failures

=== engle_granger_correctness: PASS ===
Engle-Granger, float64 build

recovers a known relation and rejects on it
  relation (1.0000, -1.9922), intercept 3.029, statistic -12.012 against 1 per cent -3.983
  ok
the two normalizations are different tests
  regressing 0 on 1 gives -11.6982, the reverse -11.2314
  ok
residual-based critical values are below the ordinary ones and fall with size
  2 variables: 1/5/10 per cent -3.888 -3.354 -3.062, ordinary 5 per cent -2.876
  3 variables: 1/5/10 per cent -4.339 -3.731 -3.438, ordinary 5 per cent -2.876
  4 variables: 1/5/10 per cent -4.700 -4.108 -3.803, ordinary 5 per cent -2.876
  ok

PASSED, 0 failures

=== maki_correctness: PASS ===
Maki co-integration with an unknown number of breaks, float64 build

the design carries the columns each model's equation calls for
  ok
the design's columns hold what they should
  ok
estimated breaks respect the trim
  breaks at 100, 90, 114 over 495 candidates
  ok
the first break found is the planted one
  first break at 120 against a true 120
  ok
allowing more breaks can only lower the statistic
  max 1 breaks: statistic -11.4887 over 181 candidates
  max 2 breaks: statistic -11.4887 over 343 candidates
  max 3 breaks: statistic -11.4887 over 486 candidates
  ok

PASSED, 0 failures

=== qlr_test_correctness: PASS ===
QLR statistic against its definition, float64 build

the supremum over the beta grid, maximum at each end and inside
  ok
kappa_hat divides the statistic and nothing else
  ok
untrustworthy profile points are excluded from the supremum
  ok
the general kappa_hat against the definition
  ok
every Table B.3 row, both cases, retrieved exactly
  114 rows, no duplicate pairs
  ok
the table's own shape: level ordering, interior above boundary, rising in beta_U
  114 rows, 84 within-group comparisons
  ok
the lookup tolerance admits rounding and rejects an untabulated pair
  ok
the verdict at each critical value and either side of it
  ok
statistic, scaling, lookup and verdict together
  QLR_T 40.000, QLR_tilde_T 20.000 against 2.989 / 4.308 / 7.277: reject at 1% - score-driven dynamics are present
  ok

PASSED, 0 failures

=== lbfgs_correctness: PASS ===
lbfgs correctness, float64 build

test objectives: gradient against central differences
  worst relative discrepancy 5.71e-07
  ok
quadratic bowl, all weights equal
  2 iterations, 4 objective calls, f = 0
  ok
ill-conditioned quadratic, weights spanning 1 to 10000
  condition number 1e4: 44 iterations, f = 2.69e-16
  ok
badly scaled quadratic, weights spanning 1 to 1e8
  91 iterations, 128 calls, f = 2.824e-16, function decrease below tolerance
  ok
the accepted step flattens the slope, not only lowers the value
  step 16, slope -0.000252 from -0.0003, minimum along the direction at 100
Rosenbrock valley
  39 iterations, 48 objective calls, f = 6.23e-15
  ok
objective not finite outside a disc
  2 iterations, f = 0, converged 1
  ok
started at the minimum
  ok
memory of one correction pair
  22 iterations, f = 4.47e-14
  ok
parameter count at and above the BLAS1 dispatch threshold
  n = 16: 403 iterations, f = 3.74e-11
  n = 40: 717 iterations, f = 3.8e-11
  ok
a line search that cannot progress is not convergence
  value 3 at start, 3 returned, line search could not decrease the objective
  ok
objective not a number at the starting point
  infinity: 0 iterations, objective or gradient stopped being finite
  not a number: 0 iterations, objective or gradient stopped being finite
  ok
gradient not a number while the value is finite
  0 iterations, objective or gradient stopped being finite, value 16
  ok
objective stops being a number partway through
  infinity after 30 calls: 28 iterations, objective or gradient stopped being finite, value 0.364369
  not a number after 30 calls: 28 iterations, objective or gradient stopped being finite, value 0.364369
  ok

PASSED, 0 failures

=== score_driven_location_correctness: PASS ===
score-driven location model, float64 build

the parameter count against the blocks it is made of
  ok
the link and its inverse round trip
  ok
with the dynamics switched off, against dist/mv/student.h
  ok
the likelihood as nu approaches the Gaussian limit
  nu     3e+00   model     -89.16525396   density     -89.16525396
  nu     3e+02   model     -84.22532199   density     -84.22532199
  nu     3e+04   model     -84.17285748   density     -84.17285748
  nu     3e+06   model     -84.17233287   density     -84.17233287
  nu     3e+08   model     -84.17232763   density     -84.17232763
  nu     1e+10   model     -84.17232758   density     -84.17232758
  nu     1e+12   model     -84.17232757   density     -84.17232757
  nu     1e+14   model     -84.17232757   density     -84.17232757

the autodiff gradient against central differences
  K=1, 5 parameters, worst relative error 2.44e-07 at Omega_inv[0,0]
  K=2, 10 parameters, worst relative error 1.02e-06 at a[0]
  K=3, 16 parameters, worst relative error 4.25e-07 at Omega_inv[2,2]
  ok
the simulator and the filter agree on the recursion
  largest disagreement between the two residual paths 2.220e-16 over 200 periods
  ok
an unusable scale returns infinity rather than aborting
  diagonal theta -400, the density overflows: objective inf
  diagonal theta -800, the factor underflows to zero: objective inf
  diagonal theta 800, the factor overflows: objective inf
  ok
the reported likelihood and gradient belong to the returned parameters
  converged yes after 26 iterations, gradient norm 0.000513, status: function decrease below tolerance
  ok
the JSON cache round trips and refuses a different sample
  ok
a chain of resumed fits accumulates its iterations and its runs
  the chain's reasons: hit the iteration limit, hit the iteration limit, hit the iteration limit, function decrease below tolerance
  3 runs of 4 iterations reported as 3 runs, 12 iterations in total
  ok
an incomplete cache is refused, and a refused load changes nothing
  ok
a truncated cache, and one whose values have the wrong type, are refused
a cache in the original format still loads, and is not refitted
  ok
standard errors at a fit, and the curvature they rest on
  is_maximum 1, 0 flat directions, condition 66.7, 10 of 10 errors usable
  ok
slow checks skipped, run make test-stress

PASSED, 0 failures

=== qvarma_correctness: PASS ===
qvarma correctness, float64 build

declared parameter count against the entries that can move
  ok
warm-up conventions
  ok
link and unlink round-trip, and the three transforms
  ok
Psi_dag structure and rank
  ok
mu_star restricted to the stationary block
  ok
maximum eigenvalue modulus
  ok
log-likelihood against the multivariate t density, every shape
  ok, 9 shapes
analytic gradient against central differences, every shape
  9 shapes, 304 entries, worst relative discrepancy 1.55e-06
  ok
Gaussian limit at large nu
  student -188.868255, gaussian -188.868377
  ok
impulse response closed forms
  ok
impulse responses against the recursions, every shape
  ok, 9 shapes to horizon 6
impulse response confidence bands
  601 of 4000 rotations satisfied the sign restrictions
  ok
averaged score Jacobian against a naive reference
  ok
impulse response file layout
  ok
parameter cache round-trip and shape rejection
  ok
fit reuses a cache, reports what it recorded, and refits on demand
  ok
a chain of resumed fits accumulates its iterations and its runs
  the chain's reasons: hit the iteration limit, hit the iteration limit, hit the iteration limit, function decrease below tolerance
  3 runs of 5 iterations reported as 3 runs, 15 iterations in total
  ok
only a fit that ran out of iterations is resumed
  ok
an incomplete cache is refused, and a refused load changes nothing
  ok
a truncated cache, and one whose values have the wrong type, are refused
a cache in the original format still loads, and is not refitted
  ok
an unusable scale returns the sentinel, not a number that is not one
  diagonal theta -400, the density overflows: objective inf
  diagonal theta -800, the factor underflows to zero: objective inf
  diagonal theta 800, the factor overflows: objective inf
  ok
reported likelihood and gradient against the returned parameters
  ok
convergence flag against the gradient it claims to have reached
  converged 1 after 329 iterations, gradient norm 1.008e+04
  ok
the reason a fit stopped, against the verdict it reports
  function decrease below tolerance after 217 iterations, converged 1
  ok
the link moves one parameter per coordinate, by the stated derivative
  55 coordinates, at most 1 parameter moved by any one of them
  ok
standard errors against the sample size
  Psi_star and Omega_inv shrink by 2.166 between T=500 and T=2000 over 2 draws, expected 2
  ok
standard errors where the Hessian will not decompose
  theta at 400: returned, hessian_is_usable 0, is_maximum 0
  ok
fit from a starting guess where the likelihood is not a number
  overflow: 0 iterations, converged 0, log-likelihood -inf
  underflow: 0 iterations, converged 0, log-likelihood -inf
  ok
slow checks skipped, run make test-correctness-stress

PASSED, 0 failures

=== qvarma_analytic_agreement: PASS ===
analytic against traced t-QVARMA filter, float64 build

analytic filter against the traced one, over shapes and draws
  the ABM pipeline's shape                   n =  42, T = 120: value 1.50e-16, paths 1.19e-15, gradient 7.29e-13
  no co-integrated block                     n =  20, T =  90: value 2.18e-16, paths 9.99e-16, gradient 9.13e-15
  no co-integrated block, p = 3              n =  17, T =  80: value 2.13e-16, paths 8.26e-16, gradient 3.12e-14
  rank two co-integration                    n =  59, T = 100: value 1.22e-16, paths 2.22e-15, gradient 1.46e-14
  one beta per lag                           n =  47, T =  70: value 7.16e-16, paths 2.12e-14, gradient 2.45e-13
  longer warm-up convention                  n =  40, T =  60: value 2.28e-16, paths 1.29e-15, gradient 2.48e-14
  q longer than p                            n =  41, T =  50: value 1.72e-16, paths 1.89e-15, gradient 3.04e-14
  restricted Psi_star                        n =  51, T =  65: value 3.47e-16, paths 1.17e-15, gradient 2.36e-14
  sample barely past the warm-up             n =  75, T =   6: value 1.62e-16, paths 3.33e-16, gradient 1.45e-15
  single I(0) series with a large I(1) block n =  71, T =  55: value 1.86e-16, paths 8.05e-16, gradient 3.70e-14

both gradients against a central difference of the likelihood
  the ABM pipeline's shape                   analytic 1.10e-07, taped 1.10e-07
  no co-integrated block                     analytic 1.92e-09, taped 1.92e-09
  one beta per lag                           analytic 1.45e-08, taped 1.45e-08
  restricted Psi_star                        analytic 1.10e-08, taped 1.10e-08

a reused workspace gives the same answer as a fresh one
  value difference 0, worst gradient difference 0

an unusable scale returns the sentinel, not an answer
  overflow: value -inf, gradient zeroed
  underflow: value -inf, gradient zeroed


PASSED, 0 failures

=== qvarma_gaussian_limit: PASS ===
t-QVARMA likelihood as nu approaches the Gaussian limit, float64 build

closed-form shape, likelihood against the density as written
  nu     3e+00   model    -133.6124547747   density    -133.6124547747
  nu     3e+01   model    -127.5249401959   density    -127.5249401959
  nu     3e+02   model    -126.8557228888   density    -126.8557228888
  nu     3e+04   model    -126.7816017216   density    -126.7816017216
  nu     3e+06   model    -126.7808600586   density    -126.7808600586
  nu     3e+08   model    -126.7808526419   density    -126.7808526419
  nu     1e+10   model    -126.7808525692   density    -126.7808525692
  nu     1e+11   model    -126.7808525672   density    -126.7808525672
  nu     1e+12   model    -126.7808525670   density    -126.7808525670
  nu     1e+13   model    -126.7808525670   density    -126.7808525670
  nu     1e+14   model    -126.7808525670   density    -126.7808525670
  nu = 1e14    -126.7808525670   against the Gaussian    -126.7808525670

five-variable shape, does the value settle as nu grows
  nu     3e+00   value    -888.6450005064   step            0
  nu     3e+01   value    -858.1753152358   step         30.5
  nu     3e+02   value    -858.0197633834   step        0.156
  nu     3e+04   value    -858.2136479892   step        0.194
  nu     3e+06   value    -858.2158987708   step      0.00225
  nu     3e+08   value    -858.2159213113   step     2.25e-05
  nu     1e+10   value    -858.2159215322   step     2.21e-07
  nu     1e+11   value    -858.2159215383   step     6.15e-09
  nu     1e+12   value    -858.2159215390   step     6.17e-10
  nu     1e+13   value    -858.2159215390   step     6.04e-11
  nu     1e+14   value    -858.2159215390   step     8.07e-12

does d(log-likelihood)/d(theta_nu) go to zero
  nu     3e+00   |d/d theta_nu|        13.1336
  nu     3e+01   |d/d theta_nu|        2.74316
  nu     3e+02   |d/d theta_nu|      0.0826017
  nu     3e+04   |d/d theta_nu|    0.000444407
  nu     3e+06   |d/d theta_nu|    4.40326e-06
  nu     3e+08   |d/d theta_nu|    4.40285e-08
  nu     1e+10   |d/d theta_nu|    1.32095e-09
  nu     1e+11   |d/d theta_nu|    1.32305e-10
  nu     1e+12   |d/d theta_nu|    1.34008e-11
  nu     1e+13   |d/d theta_nu|    1.28685e-12
  nu     1e+14   |d/d theta_nu|     1.9193e-13

analytic against traced, out where the cancellation was
  nu     3e+00   analytic    -898.1608363081   traced    -898.1608363081   gradient 4.00e-15 at 35
  nu     3e+01   analytic    -867.2101418300   traced    -867.2101418300   gradient 2.05e-13 at 36
  nu     3e+02   analytic    -866.9547518245   traced    -866.9547518245   gradient 1.90e-14 at 36
  nu     3e+04   analytic    -867.1381357341   traced    -867.1381357341   gradient 7.20e-13 at 36
  nu     3e+06   analytic    -867.1402818993   traced    -867.1402818993   gradient 2.21e-13 at 36
  nu     3e+08   analytic    -867.1403033936   traced    -867.1403033936   gradient 1.04e-13 at 36
  nu     1e+10   analytic    -867.1403036043   traced    -867.1403036043   gradient 1.84e-13 at 36
  nu     1e+11   analytic    -867.1403036101   traced    -867.1403036101   gradient 1.74e-13 at 36
  nu     1e+12   analytic    -867.1403036107   traced    -867.1403036107   gradient 5.67e-14 at 36
  nu     1e+13   analytic    -867.1403036108   traced    -867.1403036108   gradient 2.60e-13 at 36
  nu     1e+14   analytic    -867.1403036108   traced    -867.1403036108   gradient 2.08e-13 at 36


PASSED, 0 failures

=== qvarma_identification: PASS ===
qvarma identification, float32 build

the intercept is learned far more slowly once the model has an I(1) block
  with an I(1) block      9.888 at T=250 to    25.95 at T=1000, growth 2.62
  without one             683.6 at T=250 to     2869 at T=1000, growth 4.20
  and 111 times less curvature at T=1000
  ok
Phi_star loses its curvature when the score loading is near zero
  Psi_star ~ 0.12:    16.79     Psi_star ~ 0.02:   -2.573
  ok
beta loses its curvature when the co-integration loading is near zero
  alpha ~ 0.20:     27.2     alpha ~ 0.02:    2.549
  ok
a co-integrated block costs orders of magnitude of conditioning
  without an I(1) block      125.8     with one       3547
  ok

PASSED, 0 failures

=== qvarma_fixed_parameter_fit: PASS ===
qvarma fit with fixed parameters, float64 build

block ranges against the parameters the link moves
  ok
an empty fixed set against qvarma_fit
  qvarma_fit 25 iterations, L -742.224047531096; empty fixed set 25 iterations, L -742.224047531096
  ok
held coordinates stay where the initial guess put them
  nu held: 1 held, largest held move 0, largest free move 0.487
  Omega_inv and nu held: 4 held, largest held move 1.11e-16, largest free move 0.171
  Psi_star[0,1] held: 1 held, largest held move 0, largest free move 0.491
  co-integrated, beta and nu held: 2 held, largest held move 0, largest free move 0.628
  ok
reported diagnostics against the free coordinates
  converged 1, reported norm 0.000111927, recomputed 0.000111927, gradient along held nu -12.7451
  ok
holding nu at the unrestricted estimate
  unrestricted L -1097.372273903 (nu 7.6975), restricted L -1097.372273903 from a start at -1925.7929
  largest theta gap to the unrestricted estimate 2.13e-07
  ok
Monte Carlo: likelihood ratio of restricted against unrestricted fits
  nu held at the true 8: used 100 of 100, mean statistic 1.105 (df 1), rejection rate 0.060
  Psi_star off-diagonal held at the true 0: used 100 of 100, mean statistic 2.282 (df 2), rejection rate 0.090
  nu held at a false 3: used 100 of 100, mean statistic 70.842 (df 1), rejection rate 1.000
  ok

PASSED, 0 failures

=== var_correctness: PASS ===
fit: coefficients, residuals, both Sigma_u, P and log|Sigma_u| against a long double reference
fit: strided view equals copy; ML and LS Sigma_u differ by their divisors; unit shock matrix the same under both
fit notes: a stuck series, tied shocks, a NaN
  residual dimensions below K: 720 fits rejected, 240 at K accepted
var_new: copies, derives P and log|Sigma_u|, reports a singular Sigma_u; the shock matrix against its definition
simulate: implied residuals are P e_t from the same draws; burn-in and shape
cache: bit-for-bit round trip, refusals leave the fit untouched, cached loads, force_refit, no file for a failed fit
var_correctness: all passed

=== var_recovery: PASS ===
var_recovery: all passed, 400 replications per sample size, report in out/var_recovery_report.txt

=== lp_correctness: PASS ===
lpirfs test-lp_lin.R, Jorda (2005): output gap to its own shock one period after impact
horizon 0 is d, horizon 1 is the VAR's A_1 d
every horizon against long double normal equations, linear and state dependent
fz against its definition: HP cycle, n - 1 standardisation, logistic, lag; raw and unlagged variants
a weight of 0.5 everywhere: rank deficient, and both states equal the linear responses
NaN in y or the switching series, tied shocks, and a strided y
var_impulse_responses: A^h d for a VAR(1), companion powers for a VAR(2)
residuals_are_zero: y_2 at t is y_1 at t - 3, so it is fitted exactly at horizons 2 and 3 only
cache: bit-for-bit round trip, refusals leave the fit untouched, cached loads, force_refit, no file without d
bands: against the long double reference, the identities they satisfy, NaN where undefined, the cache
lp_lin_and_nl: the linear fit bit for bit, the state-dependent one to rounding, the VAR fitted once
300 random configurations against the long double reference, d computed independently
  4050 horizons compared, 0 of them at a bound of one or more and skipped; 70 configurations at the shortest sample, 7 of them with a singular Sigma_u; largest gap 0.0109 of its bound
near-exact fit: every horizon within 2 u (kappa + kappa^2 rho) of the reference, the accuracy of a QR solve
  largest gap 0.00146 of the bound; u kappa^2 at least 1.08e+04 times the bound; reference error at most 0.000248 of it
invariances: rescaled variables, shifted variables, an affine switching series, weights w and 1 - w
the shortest sample allowed: the last horizon has as many rows as regressors and fits exactly
lp_correctness: all passed

=== lp_recovery: PASS ===
lp_recovery: all passed, 400 draws per case, report in out/lp_recovery_report.txt

=== integration ===
=== basis_to_regression: PASS ===
basis/ against frame/, linalg/, json.h and inference/mcs.h, float64 build

premise: a loaded column is a strided view, not a contiguous buffer
seam: a basis built from a frame column and from a copy of it
seam: a basis as the design matrix of a least-squares fit
seam: a fitted basis reproduced from its written-down spec
seam: choosing between bases on out-of-sample loss
ownership: a fitted basis outlives the frame it was built from

PASSED, 0 failures

=== frame_to_model: PASS ===
frame to model: a loaded column reaching the statistics and the models, float64 build

premise: a column of a loaded frame is a strided view, not a contiguous buffer
stats.h: mean, variance, median, quantile, autocorrelation and HAC variance are the same through a view
inference/unit_root.h: a column-oriented series and a row-oriented one give the same statistic
inference/unit_root.h: ADF, ADF with trend, KPSS and DFGLS are the same through a view
inference/cointegration.h: Johansen and Engle-Granger agree on a system built from views and from copies
sd/qvarma.h: the log-likelihood is the same on a windowed (strided) y as on a contiguous one
nn/mlp.h: training on a window (strided view) of a longer design matrix matches training on a copy
inference/mcs.h: the loss table, the confidence set and the Diebold-Mariano test are the same through a view

PASSED, 0 failures

=== frame_to_tensor: PASS ===
frame to tensor: a stack of matrices built from a loader's columns, float64 build

the frame view this file reads through really is strided
  df_col_numeric gives a 193x1 view of stride 10
  built a 193 x 4 x 4 stack from the frame

one batched product against T products done one at a time
  193 periods agree to 0.00e+00 (worst at period -1)
  the same contraction written as an einsum agrees to 0.00e+00 relative
a slab of the stack factorizes as a Mat, with no copy
  Cholesky through the view and through a copy agree to 0.00e+00
moving time off axis 0 is a view, and the wrong one is detectable
  K x K x T view aliases the stack, and its packed form differs from it
a stack written as .npy and read back
  3088 elements round-tripped exactly

PASSED, 0 failures

=== tensor_to_optimizer: PASS ===
tensor to optimizer: a stack of matrices trained through ad.h and solver/, float64 build

  stack 24 x 3 x 3, parameter 3 x 3

one gradient, computed over the stack and period by period
  objective 2.394350117, worst gradient difference 8.88e-16
sixty Adam steps driven by each arm
  parameters agree to 1.25e-16 after moving 2.309, final objective -45.507926
the same objective written as an einsum
  agree to 4.44e-16 after 60 steps
a tape reused across steps against a fresh tape per step
  identical to 0.00e+00 over 60 resets
a tensor leaf outlives the value it was built from
  the tape kept its own copy of a freed input

PASSED, 0 failures

=== join_missing_values: PASS ===
join missing values: what a hole in the data does to a statistic and a fit, float64 build

join: an unmatched row carries a NaN that MISNAN finds, in a column that is still numeric
stats.h: mean, variance and HAC variance come back NaN, so the hole is at least visible to a caller that looks
stats.h: median, quantile and rank abort on a hole rather than returning the wrong order statistic (fork + expect SIGABRT)
stats.h and inference/unit_root.h: autocorrelation, Ljung-Box, ADF, DFGLS and KPSS all abort on a hole (fork + expect SIGABRT)
inference/unit_root.h: a NaN statistic reads as the non-rejecting verdict at every level, which is why the tests refuse it rather than returning it
nn/mlp.h: training on a column with a hole returns a NaN loss and NaN weights, with the full epoch count
inference/mcs.h: a confidence set and a Diebold-Mariano test abort on a hole rather than returning a set that is not the clean-data answer (fork + expect SIGABRT)
frame/csv.h: an NA marker types the whole column as strings, so asking for it as numeric aborts (fork + expect SIGABRT)

PASSED, 0 failures

=== distributed_simulation: PASS ===
cluster: 127.0.0.1:9644 dropped before the job started
distributed simulation: does a Monte Carlo across machines give what it gives here, float64 build

cluster + random: a simulated ADF null distribution comes back identical whether it ran here or across machines
cluster + random: a task that ignores its global index produces one value repeated, which the comparison above would catch
cluster + random: a range reclaimed from a machine that dies mid-job is recomputed to the same values

PASSED, 0 failures

=== optimizer_swap: PASS ===
optimizer swap: does a model fit through the Optimizer interface, not just through Adam, float32 build

mlp_fit: an optimizer that is not Adam trains XOR to the same loss threshold the Adam test uses
mlp_fit: one optimizer instance per trainable tensor, each built at that tensor's shape and freed exactly once
mlp_fit: the optimizer's own state carries across epochs - momentum at 0.9 and at 0 do not land in the same place
mlp_save/mlp_load: a model trained by a non-Adam optimizer round-trips through JSON unchanged

PASSED, 0 failures

=== pipeline_ownership: PASS ===
pipeline ownership: what stays valid when the thing it came from is freed, float64 build

frame/sql.h: a query's output frame is a full owner, still readable after the frame it was built from is gone
frame/join.h: a join's output owns its own copy of everything, including the string columns it took from two different frames
frame/frame.h: a column view writes through to the frame, and a later append moves the block the view pointed at
nn/mlp.h and sd/qvarma.h: a fit result owns its parameters, still usable after the frame and the design matrix are gone
sd/qvarma.h and json.h: a fit written to disk reloads into a fresh model after the original is freed
  the fit stopped after 204 iterations: function decrease below tolerance
frame/csv.h and frame/npy.h: a frame written and read back is a new owner each time, with nothing shared between the two
frame/rdata.h and frame/gzip.h: a frame loaded from a compressed file owns its values, not a slice of the inflate buffer
sd/qvarma.h: the impulse response bands allocate and release per draw rather than accumulating

PASSED, 0 failures

=== npz_to_statistics: PASS ===
schema: column count, names, types and declaration order all survive the archive
premise: a column of an npz-loaded frame is a strided view, not a contiguous buffer
values: every numeric element is bit-identical, not merely close
strings: the one column .npy cannot represent at all comes back unchanged
statistics: every reduction, unit root test and co-integration test agrees across the two frames
negative control: perturbing one observation by a part in 10^6 moves a statistic past the tolerance
across formats: .npz matches .npy bit for bit on the numbers, and carries the column .npy cannot
ownership: the frame still reads identically after the file, the source frame and the allocator's state are gone
npz_to_statistics: all passed

=== header_composition: PASS ===
header composition: every header in one translation unit, float64 build

every header included together, in both orders, and every module reachable from one binary

PASSED, 0 failures

=== header_composition_f32: PASS ===
header composition: every header in one translation unit, float32 build

every header included together, in both orders, and every module reachable from one binary

PASSED, 0 failures


=== summary ===
94 passed, 0 failed
